<testsuites id="" name="" tests="7" failures="0" skipped="0" errors="0" time="6.520322">
<testsuite name="auth.spec.ts" timestamp="2025-08-06T10:46:00.350Z" hostname="chromium" tests="4" failures="0" skipped="0" time="11.005" errors="0">
<testcase name="Application Navigation › application routes respond correctly" classname="auth.spec.ts" time="3.32">
</testcase>
<testcase name="Application Navigation › authentication routes exist" classname="auth.spec.ts" time="1.563">
</testcase>
<testcase name="Application Navigation › navigation works without JavaScript errors" classname="auth.spec.ts" time="2.777">
</testcase>
<testcase name="Application Navigation › app has proper meta tags and title" classname="auth.spec.ts" time="3.345">
</testcase>
</testsuite>
<testsuite name="basic.spec.ts" timestamp="2025-08-06T10:46:00.350Z" hostname="chromium" tests="3" failures="0" skipped="0" time="5.27" errors="0">
<testcase name="Basic App Tests › homepage loads successfully" classname="basic.spec.ts" time="2.706">
</testcase>
<testcase name="Basic App Tests › page is accessible" classname="basic.spec.ts" time="1.292">
</testcase>
<testcase name="Basic App Tests › no console errors on page load" classname="basic.spec.ts" time="1.272">
</testcase>
</testsuite>
</testsuites>